/data/home/pescapil/precond-pils/paper3/experiments/bi-parametric-ol/TensorPILS/tensorpils/preconditioners/multigrid.py:172: UserWarning: Sparse CSR tensor support is in beta state. If you miss a functionality in the sparse tensor support, please submit a feature request to https://github.com/pytorch/pytorch/issues. (Triggered internally at ../aten/src/ATen/SparseCsrTensorImpl.cpp:53.)
  cache[key] = build(L).coalesce().to_sparse_csr()
Building model...
  GAOT  latent=64x64 patch=2 -> 1024 tokens  lifting=64  transformer=256x3(8 heads)  radius=0.0333  scales=[1.0]  attn=cosine
  parameters: 3,396,033

Building model...
  GAOT  latent=64x64 patch=2 -> 1024 tokens  lifting=64  transformer=256x3(8 heads)  radius=0.0333  scales=[1.0]  attn=cosine
  parameters: 3,396,033

129 s2 {'kappa16': 1.173, 'tangent_init': 1.279, 'tangent_trained': 1.285}
Building model...
  GAOT  latent=64x64 patch=2 -> 1024 tokens  lifting=64  transformer=256x3(8 heads)  radius=0.0333  scales=[1.0]  attn=cosine
  parameters: 3,396,033

129 s1 {'kappa16': 1.579, 'tangent_init': 2.177, 'tangent_trained': 2.184}
Building model...
  GAOT  latent=64x64 patch=2 -> 1024 tokens  lifting=64  transformer=256x3(8 heads)  radius=0.0333  scales=[1.0]  attn=cosine
  parameters: 3,396,033

129 ngp1 {'kappa16': 1.188, 'tangent_init': 63.008, 'tangent_trained': 65.568}
Building model...
  GAOT  latent=64x64 patch=2 -> 1024 tokens  lifting=64  transformer=256x3(8 heads)  radius=0.0333  scales=[1.0]  attn=cosine
  parameters: 3,396,033

129 twogrid {'kappa16': 11661.258, 'tangent_init': 503.029, 'tangent_trained': 4845.224}
Building model...
  GAOT  latent=64x64 patch=2 -> 1024 tokens  lifting=64  transformer=256x3(8 heads)  radius=0.0333  scales=[1.0]  attn=cosine
  parameters: 3,396,033

129 s0 {'kappa16': -3017381716874112.0, 'tangent_init': -2371417781781800.0, 'tangent_trained': -3595568479813924.0}
Building model...
  GAOT  latent=64x64 patch=2 -> 1024 tokens  lifting=64  transformer=256x3(8 heads)  radius=0.0333  scales=[1.0]  attn=cosine
  parameters: 3,396,033

129 mu0.3 {'kappa16': 1.376, 'tangent_init': 5.208, 'tangent_trained': 5.007}
Building model...
  GAOT  latent=64x64 patch=2 -> 1024 tokens  lifting=64  transformer=256x3(8 heads)  radius=0.0333  scales=[1.0]  attn=cosine
  parameters: 3,396,033

129 mu0.6 {'kappa16': 1.815, 'tangent_init': 21.163, 'tangent_trained': 20.576}
Building model...
  GAOT  latent=64x64 patch=2 -> 1024 tokens  lifting=64  transformer=256x3(8 heads)  radius=0.0333  scales=[1.0]  attn=cosine
  parameters: 3,396,033

129 mu0.9 {'kappa16': 2.413, 'tangent_init': 64.223, 'tangent_trained': 63.426}
