/data/home/pescapil/precond-pils/paper3/experiments/bi-parametric-ol/TensorPILS/tensorpils/preconditioners/multigrid.py:172: UserWarning: Sparse CSR tensor support is in beta state. If you miss a functionality in the sparse tensor support, please submit a feature request to https://github.com/pytorch/pytorch/issues. (Triggered internally at ../aten/src/ATen/SparseCsrTensorImpl.cpp:53.)
  cache[key] = build(L).coalesce().to_sparse_csr()
Building model...
  GAOT  latent=64x64 patch=2 -> 1024 tokens  lifting=64  transformer=256x3(8 heads)  radius=0.0333  scales=[1.0]  attn=cosine
  parameters: 3,396,033

Building model...
  GAOT  latent=64x64 patch=2 -> 1024 tokens  lifting=64  transformer=256x3(8 heads)  radius=0.0333  scales=[1.0]  attn=cosine
  parameters: 3,396,033

65 s2 {'kappa16': 1.168, 'tangent_init': 1.268, 'tangent_trained': 1.27}
Building model...
  GAOT  latent=64x64 patch=2 -> 1024 tokens  lifting=64  transformer=256x3(8 heads)  radius=0.0333  scales=[1.0]  attn=cosine
  parameters: 3,396,033

65 s1 {'kappa16': 1.587, 'tangent_init': 2.044, 'tangent_trained': 2.036}
Building model...
  GAOT  latent=64x64 patch=2 -> 1024 tokens  lifting=64  transformer=256x3(8 heads)  radius=0.0333  scales=[1.0]  attn=cosine
  parameters: 3,396,033

65 ngp1 {'kappa16': 1.276, 'tangent_init': 51.288, 'tangent_trained': 52.136}
Building model...
  GAOT  latent=64x64 patch=2 -> 1024 tokens  lifting=64  transformer=256x3(8 heads)  radius=0.0333  scales=[1.0]  attn=cosine
  parameters: 3,396,033

65 twogrid {'kappa16': 965.966, 'tangent_init': 620.846, 'tangent_trained': 958.393}
Building model...
  GAOT  latent=64x64 patch=2 -> 1024 tokens  lifting=64  transformer=256x3(8 heads)  radius=0.0333  scales=[1.0]  attn=cosine
  parameters: 3,396,033

65 s0 {'kappa16': -3156462354332382.0, 'tangent_init': -2735346421981652.0, 'tangent_trained': -2788381059783805.5}
Building model...
  GAOT  latent=64x64 patch=2 -> 1024 tokens  lifting=64  transformer=256x3(8 heads)  radius=0.0333  scales=[1.0]  attn=cosine
  parameters: 3,396,033

65 mu0.3 {'kappa16': 1.759, 'tangent_init': 6.098, 'tangent_trained': 6.04}
Building model...
  GAOT  latent=64x64 patch=2 -> 1024 tokens  lifting=64  transformer=256x3(8 heads)  radius=0.0333  scales=[1.0]  attn=cosine
  parameters: 3,396,033

65 mu0.6 {'kappa16': 3.025, 'tangent_init': 29.084, 'tangent_trained': 29.335}
Building model...
  GAOT  latent=64x64 patch=2 -> 1024 tokens  lifting=64  transformer=256x3(8 heads)  radius=0.0333  scales=[1.0]  attn=cosine
  parameters: 3,396,033

65 mu0.9 {'kappa16': 5.166, 'tangent_init': 104.005, 'tangent_trained': 111.369}
